\BOOKMARK [1][-]{section.1}{\376\377\000I\000n\000t\000r\000o\000d\000u\000c\000t\000i\000o\000n}{}% 1
\BOOKMARK [2][-]{subsection.1.1}{\376\377\000M\000o\000t\000i\000v\000a\000t\000i\000o\000n\000:\000\040\000C\000h\000a\000l\000l\000e\000n\000g\000e\000s\000\040\000o\000f\000\040\000D\000a\000t\000a\000\040\000S\000p\000a\000r\000s\000i\000t\000y\000\040\000\046\000\040\000C\000o\000n\000c\000e\000p\000t\000\040\000C\000o\000l\000d\000-\000S\000t\000a\000r\000t}{section.1}% 2
\BOOKMARK [2][-]{subsection.1.2}{\376\377\000S\000c\000o\000p\000e\000\040\000\046\000\040\000G\000a\000t\000e\000w\000a\000y\000\040\000C\000r\000i\000t\000e\000r\000i\000a}{section.1}% 3
\BOOKMARK [2][-]{subsection.1.3}{\376\377\000C\000o\000m\000p\000a\000r\000i\000s\000o\000n\000\040\000w\000i\000t\000h\000\040\000P\000r\000i\000o\000r\000\040\000S\000u\000r\000v\000e\000y\000s}{section.1}% 4
\BOOKMARK [1][-]{section.2}{\376\377\000S\000y\000s\000t\000e\000m\000a\000t\000i\000c\000\040\000R\000e\000v\000i\000e\000w\000\040\000M\000e\000t\000h\000o\000d\000o\000l\000o\000g\000y\000\040\000a\000n\000d\000\040\000P\000R\000I\000S\000M\000A\000\040\000P\000r\000o\000t\000o\000c\000o\000l}{}% 5
\BOOKMARK [2][-]{subsection.2.1}{\376\377\000L\000i\000t\000e\000r\000a\000t\000u\000r\000e\000\040\000S\000e\000a\000r\000c\000h\000\040\000A\000r\000c\000h\000i\000t\000e\000c\000t\000u\000r\000e\000\040\000\046\000\040\000D\000a\000t\000a\000b\000a\000s\000e\000\040\000E\000x\000e\000c\000u\000t\000i\000o\000n\000s}{section.2}% 6
\BOOKMARK [2][-]{subsection.2.2}{\376\377\000P\000R\000I\000S\000M\000A\000\040\0002\0000\0002\0000\000\040\000S\000c\000r\000e\000e\000n\000i\000n\000g\000\040\000\046\000\040\000E\000l\000i\000g\000i\000b\000i\000l\000i\000t\000y\000\040\000F\000l\000o\000w}{section.2}% 7
\BOOKMARK [1][-]{section.3}{\376\377\000T\000a\000x\000o\000n\000o\000m\000y\000\040\000a\000n\000d\000\040\000S\000y\000n\000t\000h\000e\000s\000i\000s\000\040\000o\000f\000\040\000G\000r\000a\000p\000h\000-\000B\000a\000s\000e\000d\000\040\000K\000n\000o\000w\000l\000e\000d\000g\000e\000\040\000T\000r\000a\000c\000i\000n\000g\000\040\000\050\000R\000Q\0001\000\040\000\046\000\040\000R\000Q\0002\000\051}{}% 8
\BOOKMARK [2][-]{subsection.3.1}{\376\377\000G\000r\000a\000p\000h\000\040\000S\000o\000u\000r\000c\000e\000s\000\040\000a\000n\000d\000\040\000P\000r\000o\000v\000e\000n\000a\000n\000c\000e}{section.3}% 9
\BOOKMARK [2][-]{subsection.3.2}{\376\377\000T\000o\000p\000o\000l\000o\000g\000i\000c\000a\000l\000\040\000R\000e\000p\000r\000e\000s\000e\000n\000t\000a\000t\000i\000o\000n\000s\000\040\000a\000n\000d\000\040\000G\000N\000N\000\040\000E\000n\000c\000o\000d\000e\000r\000s}{section.3}% 10
\BOOKMARK [2][-]{subsection.3.3}{\376\377\000D\000e\000e\000p\000\040\000C\000o\000m\000p\000a\000r\000a\000t\000i\000v\000e\000\040\000A\000n\000a\000l\000y\000s\000i\000s\000\040\000o\000f\000\040\000R\000e\000p\000r\000e\000s\000e\000n\000t\000a\000t\000i\000v\000e\000\040\000M\000i\000l\000e\000s\000t\000o\000n\000e\000\040\000M\000o\000d\000e\000l\000s}{section.3}% 11
\BOOKMARK [3][-]{subsubsection.3.3.1}{\376\377\000G\000K\000T\000\040\000\050\000N\000a\000k\000a\000g\000a\000w\000a\000\040\000e\000t\000\040\000a\000l\000.\000,\000\040\0002\0000\0001\0009\000\051}{subsection.3.3}% 12
\BOOKMARK [3][-]{subsubsection.3.3.2}{\376\377\000D\000y\000G\000K\000T\000\040\000\050\000Z\000h\000a\000n\000g\000\040\000e\000t\000\040\000a\000l\000.\000,\000\040\0002\0000\0002\0004\000\051}{subsection.3.3}% 13
\BOOKMARK [3][-]{subsubsection.3.3.3}{\376\377\000S\000I\000N\000K\000T\000\040\000\050\000F\000u\000\040\000e\000t\000\040\000a\000l\000.\000,\000\040\0002\0000\0002\0004\000\051}{subsection.3.3}% 14
\BOOKMARK [3][-]{subsubsection.3.3.4}{\376\377\000H\000y\000p\000e\000r\000-\000H\000K\000T\000\040\000\050\000Y\000a\000n\000\040\000\046\000\040\000L\000i\000,\000\040\0002\0000\0002\0005\000\051}{subsection.3.3}% 15
\BOOKMARK [1][-]{section.4}{\376\377\000T\000a\000x\000o\000n\000o\000m\000y\000\040\000a\000n\000d\000\040\000S\000y\000n\000t\000h\000e\000s\000i\000s\000\040\000o\000f\000\040\000S\000e\000l\000f\000-\000S\000u\000p\000e\000r\000v\000i\000s\000e\000d\000\040\000K\000n\000o\000w\000l\000e\000d\000g\000e\000\040\000T\000r\000a\000c\000i\000n\000g\000\040\000\050\000R\000Q\0003\000\051}{}% 16
\BOOKMARK [2][-]{subsection.4.1}{\376\377\000T\000a\000x\000o\000n\000o\000m\000y\000\040\000o\000f\000\040\000S\000S\000L\000\040\000P\000r\000e\000t\000e\000x\000t\000\040\000O\000b\000j\000e\000c\000t\000i\000v\000e\000s}{section.4}% 17
\BOOKMARK [2][-]{subsection.4.2}{\376\377\000M\000a\000t\000h\000e\000m\000a\000t\000i\000c\000a\000l\000\040\000F\000o\000r\000m\000u\000l\000a\000t\000i\000o\000n\000s\000\040\000o\000f\000\040\000S\000S\000L\000\040\000P\000r\000e\000t\000e\000x\000t\000\040\000L\000o\000s\000s\000e\000s}{section.4}% 18
\BOOKMARK [3][-]{subsubsection.4.2.1}{\376\377\000I\000n\000f\000o\000N\000C\000E\000\040\000C\000o\000n\000t\000r\000a\000s\000t\000i\000v\000e\000\040\000L\000o\000s\000s}{subsection.4.2}% 19
\BOOKMARK [3][-]{subsubsection.4.2.2}{\376\377\000G\000e\000n\000e\000r\000a\000t\000i\000v\000e\000\040\000M\000a\000s\000k\000e\000d\000\040\000G\000r\000a\000p\000h\000\040\000R\000e\000c\000o\000n\000s\000t\000r\000u\000c\000t\000i\000o\000n\000\040\000L\000o\000s\000s}{subsection.4.2}% 20
\BOOKMARK [2][-]{subsection.4.3}{\376\377\000D\000e\000e\000p\000\040\000C\000o\000m\000p\000a\000r\000a\000t\000i\000v\000e\000\040\000A\000n\000a\000l\000y\000s\000i\000s\000\040\000o\000f\000\040\000C\000o\000n\000t\000r\000a\000s\000t\000i\000v\000e\000\040\000S\000S\000L\000\040\000F\000r\000a\000m\000e\000w\000o\000r\000k\000s}{section.4}% 21
\BOOKMARK [3][-]{subsubsection.4.3.1}{\376\377\000C\000L\0004\000K\000T\000\040\000\050\000L\000e\000e\000\040\000e\000t\000\040\000a\000l\000.\000,\000\040\0002\0000\0002\0002\000\051}{subsection.4.3}% 22
\BOOKMARK [3][-]{subsubsection.4.3.2}{\376\377\000B\000i\000-\000C\000L\000K\000T\000\040\000\050\000S\000o\000n\000g\000\040\000e\000t\000\040\000a\000l\000.\000,\000\040\0002\0000\0002\0002\000\051}{subsection.4.3}% 23
\BOOKMARK [1][-]{section.5}{\376\377\000S\000p\000a\000r\000s\000e\000-\000C\000o\000n\000c\000e\000p\000t\000\040\000\046\000\040\000C\000o\000l\000d\000-\000S\000t\000a\000r\000t\000\040\000E\000v\000a\000l\000u\000a\000t\000i\000o\000n\000\040\000P\000r\000o\000t\000o\000c\000o\000l\000s\000\040\000\050\000R\000Q\0004\000\051}{}% 24
\BOOKMARK [2][-]{subsection.5.1}{\376\377\000M\000e\000t\000h\000o\000d\000o\000l\000o\000g\000i\000c\000a\000l\000\040\000A\000u\000d\000i\000t\000\040\000o\000f\000\040\000E\000v\000a\000l\000u\000a\000t\000i\000o\000n\000\040\000S\000p\000l\000i\000t\000\040\000V\000u\000l\000n\000e\000r\000a\000b\000i\000l\000i\000t\000i\000e\000s}{section.5}% 25
\BOOKMARK [2][-]{subsection.5.2}{\376\377\000E\000m\000p\000i\000r\000i\000c\000a\000l\000\040\000P\000r\000o\000o\000f\000-\000o\000f\000-\000C\000o\000n\000c\000e\000p\000t\000\040\000B\000e\000n\000c\000h\000m\000a\000r\000k\000\040\000V\000a\000l\000i\000d\000a\000t\000i\000o\000n}{section.5}% 26
\BOOKMARK [1][-]{section.6}{\376\377\000R\000e\000l\000i\000a\000b\000i\000l\000i\000t\000y\000,\000\040\000R\000e\000p\000r\000o\000d\000u\000c\000i\000b\000i\000l\000i\000t\000y\000\040\000\046\000\040\000C\000a\000l\000i\000b\000r\000a\000t\000i\000o\000n\000\040\000A\000u\000d\000i\000t\000\040\000\050\000R\000Q\0005\000\051}{}% 27
\BOOKMARK [2][-]{subsection.6.1}{\376\377\000A\000s\000y\000m\000p\000t\000o\000t\000i\000c\000\040\000C\000o\000m\000p\000u\000t\000a\000t\000i\000o\000n\000a\000l\000\040\000C\000o\000m\000p\000l\000e\000x\000i\000t\000y\000\040\000\046\000\040\000G\000P\000U\000\040\000M\000e\000m\000o\000r\000y\000\040\000F\000o\000o\000t\000p\000r\000i\000n\000t\000\040\000A\000u\000d\000i\000t}{section.6}% 28
\BOOKMARK [1][-]{section.7}{\376\377\000E\000v\000i\000d\000e\000n\000c\000e\000-\000D\000e\000r\000i\000v\000e\000d\000\040\000R\000e\000s\000e\000a\000r\000c\000h\000\040\000A\000g\000e\000n\000d\000a\000\040\000\050\000R\000Q\0006\000\051}{}% 29
\BOOKMARK [2][-]{subsection.7.1}{\376\377\000P\000i\000l\000l\000a\000r\000\040\0001\000:\000\040\000L\000L\000M\000-\000G\000N\000N\000\040\000M\000u\000l\000t\000i\000m\000o\000d\000a\000l\000\040\000F\000u\000s\000i\000o\000n\000\040\000f\000o\000r\000\040\000O\000p\000e\000n\000-\000D\000o\000m\000a\000i\000n\000\040\000K\000n\000o\000w\000l\000e\000d\000g\000e\000\040\000G\000r\000a\000p\000h\000s}{section.7}% 30
\BOOKMARK [2][-]{subsection.7.2}{\376\377\000P\000i\000l\000l\000a\000r\000\040\0002\000:\000\040\000N\000o\000n\000-\000E\000u\000c\000l\000i\000d\000e\000a\000n\000\040\000\046\000\040\000H\000y\000p\000e\000r\000b\000o\000l\000i\000c\000\040\000K\000n\000o\000w\000l\000e\000d\000g\000e\000\040\000S\000t\000a\000t\000e\000\040\000M\000a\000n\000i\000f\000o\000l\000d\000s}{section.7}% 31
\BOOKMARK [2][-]{subsection.7.3}{\376\377\000P\000i\000l\000l\000a\000r\000\040\0003\000:\000\040\000S\000t\000a\000n\000d\000a\000r\000d\000i\000z\000e\000d\000\040\000Z\000e\000r\000o\000-\000E\000x\000p\000o\000s\000u\000r\000e\000\040\000K\000C\000\040\000C\000o\000l\000d\000-\000S\000t\000a\000r\000t\000\040\000B\000e\000n\000c\000h\000m\000a\000r\000k\000s\000\040\000\050\000p\000y\000K\000T\000-\000C\000o\000l\000d\000S\000t\000a\000r\000t\000\051}{section.7}% 32
\BOOKMARK [2][-]{subsection.7.4}{\376\377\000P\000i\000l\000l\000a\000r\000\040\0004\000:\000\040\000C\000a\000l\000i\000b\000r\000a\000t\000e\000d\000\040\000\046\000\040\000T\000r\000u\000s\000t\000w\000o\000r\000t\000h\000y\000\040\000K\000n\000o\000w\000l\000e\000d\000g\000e\000\040\000T\000r\000a\000c\000i\000n\000g}{section.7}% 33
\BOOKMARK [2][-]{subsection.7.5}{\376\377\000P\000i\000l\000l\000a\000r\000\040\0005\000:\000\040\000C\000o\000n\000t\000i\000n\000u\000o\000u\000s\000-\000T\000i\000m\000e\000\040\000S\000p\000a\000t\000i\000o\000t\000e\000m\000p\000o\000r\000a\000l\000\040\000M\000o\000d\000e\000l\000i\000n\000g\000\040\000v\000i\000a\000\040\000N\000e\000u\000r\000a\000l\000\040\000O\000D\000E\000s}{section.7}% 34
\BOOKMARK [2][-]{subsection.7.6}{\376\377\000P\000i\000l\000l\000a\000r\000\040\0006\000:\000\040\000G\000r\000a\000p\000h\000\040\000C\000o\000u\000n\000t\000e\000r\000f\000a\000c\000t\000u\000a\000l\000\040\000A\000u\000g\000m\000e\000n\000t\000a\000t\000i\000o\000n\000\040\000\046\000\040\000C\000a\000u\000s\000a\000l\000\040\000D\000e\000b\000i\000a\000s\000i\000n\000g}{section.7}% 35
\BOOKMARK [1][-]{section.8}{\376\377\000C\000o\000n\000c\000l\000u\000s\000i\000o\000n}{}% 36
\BOOKMARK [1][-]{section*.1}{\376\377\000R\000e\000f\000e\000r\000e\000n\000c\000e\000s}{}% 37
\BOOKMARK [1][-]{IEEEbiography.0}{\376\377\000B\000i\000o\000g\000r\000a\000p\000h\000i\000e\000s}{}% 38
\BOOKMARK [2][-]{IEEEbiography.1}{\376\377\000K\000h\000a\000n\000h\000-\000T\000r\000i\000n\000h\000\040\000N\000g\000u\000y\000e\000n}{IEEEbiography.0}% 39
\BOOKMARK [2][-]{IEEEbiography.2}{\376\377\000T\000u\000a\000n\000\040\000D\000a\000o\000\040\000M\000i\000n\000h}{IEEEbiography.0}% 40
\BOOKMARK [2][-]{IEEEbiography.3}{\376\377\000D\000u\000o\000n\000g\000\040\000N\000g\000u\000y\000e\000n\000\040\000T\000i\000e\000n}{IEEEbiography.0}% 41
\BOOKMARK [2][-]{IEEEbiography.4}{\376\377\000C\000h\000i\000\040\000T\000h\000a\000n\000h\000\040\000N\000g\000u\000y\000e\000n}{IEEEbiography.0}% 42
\BOOKMARK [2][-]{IEEEbiography.5}{\376\377\000V\000a\000n\000-\000H\000a\000u\000\040\000N\000g\000u\000y\000e\000n}{IEEEbiography.0}% 43
